logs/3bf39a3f-34e1-491d-b9b6-8a72d0bf4504.txt
run_id:3bf39a3f-34e1-491d-b9b6-8a72d0bf4504
mlx_version:0.31.1
train_loader:shards pattern=./data/datasets/fineweb10B_sp1024/fineweb_train_*.bin
val_loader:shards pattern=./data/datasets/fineweb10B_sp1024/fineweb_val_*.bin tokens:62021632
WARNING: train_loader:subset dataset:fineweb10B_sp1024 train_shards:1/195 new epochs will arrive sooner than the full dataset
tokenizer_path:./data/tokenizers/fineweb_1024_bpe.model
model_params:17059912 vocab_size:1024 layers:9 dim:512 heads:8 kv_heads:4 seq_len:1024 tie_embeddings:True
iterations:500 train_batch_tokens:8192 grad_accum_steps:8 microbatch_tokens:1024 microbatch_batch_size:1 val_batch_size:524288 warmup_steps:20 max_wallclock_seconds:600.000
mlx_max_microbatch_tokens:8192
optimizer:muon+adam muon_matrix_params:54 scalar_params:37 embed_lr:0.05 matrix_lr:0.04 scalar_lr:0.04 muon_momentum:0.95 muon_steps:5
val_bpb:enabled tokenizer_kind=sentencepiece tokenizer_path=./data/tokenizers/fineweb_1024_bpe.model
compute_dtype:mlx.core.bfloat16 compile:True
dtypes tok_emb:mlx.core.bfloat16 linear_weight:mlx.core.float32 skip_weights:mlx.core.float32
warmup_step:1/20
warmup_step:2/20
warmup_step:3/20
warmup_step:4/20
warmup_step:5/20
warmup_step:6/20
warmup_step:7/20
warmup_step:8/20
warmup_step:9/20
warmup_step:10/20
warmup_step:11/20
warmup_step:12/20
warmup_step:13/20
warmup_step:14/20
warmup_step:15/20
warmup_step:16/20
warmup_step:17/20
warmup_step:18/20
warmup_step:19/20
warmup_step:20/20
val_progress:1/947
val_progress:25/947
val_progress:50/947
val_progress:75/947
val_progress:100/947
val_progress:125/947
val_progress:150/947
val_progress:175/947
val_progress:200/947
val_progress:225/947
val_progress:250/947
val_progress:275/947
val_progress:300/947
val_progress:325/947
val_progress:350/947
val_progress:375/947
val_progress:400/947
val_progress:425/947
val_progress:450/947
val_progress:475/947
val_progress:500/947
val_progress:525/947
val_progress:550/947
val_progress:575/947
val_progress:600/947
val_progress:625/947
val_progress:650/947
val_progress:675/947
val_progress:700/947
val_progress:725/947
val_progress:750/947
val_progress:775/947
val_progress:800/947
val_progress:825/947
val_progress:850/947
val_progress:875/947
val_progress:900/947
val_progress:925/947
val_progress:947/947
step:0/500 val_loss:6.9372 val_bpb:4.1086 train_time:1ms step_avg:1.26ms
step:1/500 train_loss:6.9428 train_time:9222ms step_avg:9221.91ms tok_s:889
step:2/500 train_loss:18.7861 train_time:12683ms step_avg:6341.29ms tok_s:2370
step:3/500 train_loss:18.2670 train_time:15978ms step_avg:5326.05ms tok_s:2495
step:4/500 train_loss:17.5470 train_time:19344ms step_avg:4836.04ms tok_s:2458
step:5/500 train_loss:16.6310 train_time:22945ms step_avg:4589.09ms tok_s:2276
step:6/500 train_loss:15.3599 train_time:26347ms step_avg:4391.10ms tok_s:2409
step:7/500 train_loss:13.9158 train_time:29909ms step_avg:4272.67ms tok_s:2301
step:8/500 train_loss:12.7103 train_time:33393ms step_avg:4174.09ms tok_s:2353
step:9/500 train_loss:11.5038 train_time:36991ms step_avg:4110.14ms tok_s:2277
step:10/500 train_loss:10.2811 train_time:40558ms step_avg:4055.78ms tok_s:2298
val_progress:1/947
val_progress:25/947
val_progress:50/947
val_progress:75/947
val_progress:100/947
val_progress:125/947
val_progress:150/947
val_progress:175/947
val_progress:200/947
val_progress:225/947
val_progress:250/947
val_progress:275/947
val_progress:300/947
val_progress:325/947
val_progress:350/947
val_progress:375/947
val_progress:400/947
val_progress:425/947
val_progress:450/947
val_progress:475/947
val_progress:500/947
val_progress:525/947
val_progress:550/947
val_progress:575/947
val_progress:600/947
val_progress:625/947
val_progress:650/947
val_progress:675/947
val_progress:700/947
val_progress:725/947
val_progress:750/947
val_progress:775/947
val_progress:800/947
val_progress:825/947
val_progress:850/947
val_progress:875/947
val_progress:900/947
val_progress:925/947
val_progress:947/947
step:100/500 val_loss:4.6730 val_bpb:2.7676 train_time:422143ms step_avg:4221.43ms
step:200/500 train_loss:4.4766 train_time:553475ms step_avg:2767.37ms tok_s:6848
val_progress:1/947
val_progress:25/947
val_progress:50/947
val_progress:75/947
val_progress:100/947
val_progress:125/947
val_progress:150/947
val_progress:175/947
val_progress:200/947
val_progress:225/947
val_progress:250/947
val_progress:275/947
val_progress:300/947
val_progress:325/947
val_progress:350/947
val_progress:375/947
val_progress:400/947
val_progress:425/947
val_progress:450/947
val_progress:475/947
val_progress:500/947
val_progress:525/947
val_progress:550/947
val_progress:575/947
val_progress:600/947
val_progress:625/947
val_progress:650/947
val_progress:675/947
val_progress:700/947
val_progress:725/947
val_progress:750/947
val_progress:775/947
val_progress:800/947
val_progress:825/947
val_progress:850/947
val_progress:875/947
val_progress:900/947
val_progress:925/947
val_progress:947/947
step:200/500 val_loss:4.3918 val_bpb:2.6011 train_time:553479ms step_avg:2767.40ms
val_progress:1/947
val_progress:25/947
val_progress:50/947
val_progress:75/947
val_progress:100/947
val_progress:125/947
val_progress:150/947
val_progress:175/947
val_progress:200/947
val_progress:225/947
val_progress:250/947
val_progress:275/947
val_progress:300/947
val_progress:325/947
val_progress:350/947
val_progress:375/947
val_progress:400/947
val_progress:425/947
val_progress:450/947
val_progress:475/947
val_progress:500/947
val_progress:525/947
val_progress:550/947
val_progress:575/947
val_progress:600/947
val_progress:625/947
val_progress:650/947
val_progress:675/947
val_progress:700/947
val_progress:725/947
val_progress:750/947
val_progress:775/947
val_progress:800/947
val_progress:825/947
val_progress:850/947
val_progress:875/947
val_progress:900/947
val_progress:925/947
val_progress:947/947
step:210/500 val_loss:4.3865 val_bpb:2.5979 train_time:629615ms step_avg:2998.17ms
stopping_early: wallclock_cap train_time:629615ms step:210/500
saved_model:logs/3bf39a3f-34e1-491d-b9b6-8a72d0bf4504_mlx_model.npz bytes:67212188
serialized_model_int8_zlib:6776609 bytes (payload:17178912 raw_pickle:17188361 payload_ratio:3.91x)
val_progress:1/947
val_progress:25/947
val_progress:50/947
val_progress:75/947
val_progress:100/947
val_progress:125/947
val_progress:150/947
val_progress:175/947
val_progress:200/947
val_progress:225/947
val_progress:250/947
val_progress:275/947
val_progress:300/947
val_progress:325/947
val_progress:350/947
val_progress:375/947
val_progress:400/947
val_progress:425/947
val_progress:450/947
val_progress:475/947
val_progress:500/947
val_progress:525/947
val_progress:550/947
val_progress:575/947
val_progress:600/947
val_progress:625/947
val_progress:650/947
val_progress:675/947
val_progress:700/947
val_progress:725/947
val_progress:750/947
val_progress:775/947
val_progress:800/947
val_progress:825/947
val_progress:850/947
val_progress:875/947
val_progress:900/947
val_progress:925/947
val_progress:947/947
final_int8_zlib_roundtrip val_loss:4.3950 val_bpb:2.6030 eval_time:3934405ms
final_int8_zlib_roundtrip_exact val_loss:4.39499205 val_bpb:2.60296185
